// Jest Snapshot v1, https://goo.gl/fbAQLP

exports[`Board component renders according to snapshot 1`] = `
<button>
  x
</button>
`;
