// Jest Snapshot v1, https://goo.gl/fbAQLP

exports[`Game component renders according to snapshot 1`] = `
<div>
  Hello world
</div>
`;
